Traceback (most recent call last):
  File "/Users/vibarra/Venv/lib/python3.9/site-packages/jupyter_cache/executors/utils.py", line 58, in single_nb_execution
    executenb(
  File "/Users/vibarra/Venv/lib/python3.9/site-packages/nbclient/client.py", line 1314, in execute
    return NotebookClient(nb=nb, resources=resources, km=km, **kwargs).execute()
  File "/Users/vibarra/Venv/lib/python3.9/site-packages/jupyter_core/utils/__init__.py", line 165, in wrapped
    return loop.run_until_complete(inner)
  File "/opt/homebrew/Cellar/python@3.9/3.9.21/Frameworks/Python.framework/Versions/3.9/lib/python3.9/asyncio/base_events.py", line 647, in run_until_complete
    return future.result()
  File "/Users/vibarra/Venv/lib/python3.9/site-packages/nbclient/client.py", line 709, in async_execute
    await self.async_execute_cell(
  File "/Users/vibarra/Venv/lib/python3.9/site-packages/nbclient/client.py", line 1062, in async_execute_cell
    await self._check_raise_for_error(cell, cell_index, exec_reply)
  File "/Users/vibarra/Venv/lib/python3.9/site-packages/nbclient/client.py", line 918, in _check_raise_for_error
    raise CellExecutionError.from_cell_and_msg(cell, exec_reply_content)
nbclient.exceptions.CellExecutionError: An error occurred while executing the following cell:
------------------
import numpy as np
import matplotlib.pyplot as plt
from sklearn.datasets import make_blobs
from sklearn.cluster import KMeans
from sklearn.metrics import davies_bouldin_score

X, y_true = make_blobs(n_samples=500, centers=3, cluster_std=1.0, random_state=42)

K_range = range(2, 11)  
db_scores = []

for K in K_range:
    kmeans = KMeans(n_clusters=K, random_state=42)
    labels = kmeans.fit_predict(X)
    score = davies_bouldin_score(X, labels)
    db_scores.append(score)

optimal_K_db = K_range[np.argmin(db_scores)]

fig, ax = plt.subplots(1, 2, figsize=(12, 5))

ax[0].plot(K_range, db_scores, marker='o')
ax[0].set_title("Davies_Bouldin(K)")
ax[0].set_xlabel("K")
ax[0].set_ylabel("DB")
ax[0].grid(True)

kmeans_optimal = KMeans(n_clusters=optimal_K_db, random_state=42)
labels_optimal = kmeans_optimal.fit_predict(X)
centroids = kmeans_best.cluster_centers_

ax[1].scatter(X[:, 0], X[:, 1], c=labels_optimal)
plt.scatter(centroids[:, 0], centroids[:, 1], c='red', s=100, marker='X', label='Centroïdes')
ax[1].set_title(f"Clustering KMeans pour K = {optimal_K_db}")
ax[1].set_xlabel("x1")
ax[1].set_ylabel("x2")
ax[1].grid(True)

plt.tight_layout()
plt.show()
------------------


[0;31m---------------------------------------------------------------------------[0m
[0;31mNameError[0m                                 Traceback (most recent call last)
Cell [0;32mIn[18], line 30[0m
[1;32m     28[0m kmeans_optimal [38;5;241m=[39m KMeans(n_clusters[38;5;241m=[39moptimal_K_db, random_state[38;5;241m=[39m[38;5;241m42[39m)
[1;32m     29[0m labels_optimal [38;5;241m=[39m kmeans_optimal[38;5;241m.[39mfit_predict(X)
[0;32m---> 30[0m centroids [38;5;241m=[39m [43mkmeans_best[49m[38;5;241m.[39mcluster_centers_
[1;32m     32[0m ax[[38;5;241m1[39m][38;5;241m.[39mscatter(X[:, [38;5;241m0[39m], X[:, [38;5;241m1[39m], c[38;5;241m=[39mlabels_optimal)
[1;32m     33[0m plt[38;5;241m.[39mscatter(centroids[:, [38;5;241m0[39m], centroids[:, [38;5;241m1[39m], c[38;5;241m=[39m[38;5;124m'[39m[38;5;124mred[39m[38;5;124m'[39m, s[38;5;241m=[39m[38;5;241m100[39m, marker[38;5;241m=[39m[38;5;124m'[39m[38;5;124mX[39m[38;5;124m'[39m, label[38;5;241m=[39m[38;5;124m'[39m[38;5;124mCentroïdes[39m[38;5;124m'[39m)

[0;31mNameError[0m: name 'kmeans_best' is not defined

