Traceback (most recent call last):
  File "/Users/vibarra/Venv/lib/python3.9/site-packages/jupyter_cache/executors/utils.py", line 58, in single_nb_execution
    executenb(
  File "/Users/vibarra/Venv/lib/python3.9/site-packages/nbclient/client.py", line 1314, in execute
    return NotebookClient(nb=nb, resources=resources, km=km, **kwargs).execute()
  File "/Users/vibarra/Venv/lib/python3.9/site-packages/jupyter_core/utils/__init__.py", line 165, in wrapped
    return loop.run_until_complete(inner)
  File "/opt/homebrew/Cellar/python@3.9/3.9.21/Frameworks/Python.framework/Versions/3.9/lib/python3.9/asyncio/base_events.py", line 647, in run_until_complete
    return future.result()
  File "/Users/vibarra/Venv/lib/python3.9/site-packages/nbclient/client.py", line 709, in async_execute
    await self.async_execute_cell(
  File "/Users/vibarra/Venv/lib/python3.9/site-packages/nbclient/client.py", line 1062, in async_execute_cell
    await self._check_raise_for_error(cell, cell_index, exec_reply)
  File "/Users/vibarra/Venv/lib/python3.9/site-packages/nbclient/client.py", line 918, in _check_raise_for_error
    raise CellExecutionError.from_cell_and_msg(cell, exec_reply_content)
nbclient.exceptions.CellExecutionError: An error occurred while executing the following cell:
------------------
import itertools
from scipy import linalg
from sklearn.mixture import GaussianMixture
import matplotlib

n_samples = 500

fig = plt.figure(figsize=(12, 6))

# Données
ax1 = plt.subplot(221)
np.random.seed(0)
C = np.array([[0., -0.1], [1.7, .4]])
X = np.r_[np.dot(np.random.randn(n_samples, 2), C),
          .7 * np.random.randn(n_samples, 2) + np.array([-6, 3])]
ax1.plot(X)

ax1.set_title('Données', fontsize=12)
ax1.set_xlabel('t', fontsize=12)
ax1.set_ylabel('x(t)', fontsize=12)


# Critère BIC en fonction des composantes et du modèle de covariance
ax2 = plt.subplot(223)
lowest_bic = np.infty
bic = []
n_components_range = range(1, 5)
cv_types = ['spherical', 'tied', 'diag', 'full']
for cv_type in cv_types:
    for n_components in n_components_range:
        gmm = GaussianMixture(n_components=n_components,
                                      covariance_type=cv_type)
        gmm.fit(X)
        bic.append(gmm.bic(X))
        if bic[-1] < lowest_bic:
            lowest_bic = bic[-1]
            best_gmm = gmm
    
bic = np.array(bic)
color_iter = itertools.cycle(['red', 'green', 'blue',
                              'darkorange'])

bars = []

for i, (cv_type, color) in enumerate(zip(cv_types, color_iter)):
    xpos = np.array(n_components_range) + .2 * (i - 2)
    bars.append(plt.bar(xpos, bic[i * len(n_components_range):
                                  (i + 1) * len(n_components_range)],
                        width=.2, color=color))
ax2.set_title('BIC par modèle')
xpos = np.mod(bic.argmin(), len(n_components_range)) + .65 +\
    .2 * np.floor(bic.argmin() / len(n_components_range))
plt.text(xpos, bic.min() * 0.97 + .03 * bic.max(), '*', fontsize=14)
ax2.set_xlabel('Nombre de composantes')
ax2.set_ylabel('BIC')
ax2.legend([b[0] for b in bars], cv_types)

# Affichage classes
ax3 = plt.subplot(122)
Y_ = best_gmm.predict(X)
for i, (mean, cov, color) in enumerate(zip(best_gmm.means_, best_gmm.covariances_,
                                           color_iter)):
    v, w = linalg.eigh(cov)
    if not np.any(Y_ == i):
        continue
    plt.scatter(X[Y_ == i, 0], X[Y_ == i, 1], 5,color=color)

    # Ellipse modélisant la composante gaussienne
    angle = 180. * np.arctan2(w[0][1], w[0][0]) / np.pi
    v = 2. * np.sqrt(2.*v)
    ax3.add_artist(matplotlib.patches.Ellipse(mean, v[0], v[1], 180. + angle, color=color,alpha=.3))

t = "Modèle choisi : "+ best_gmm.covariance_type +" avec "+ str(best_gmm.n_components)+" composantes"
ax3.set_title(t)
plt.subplots_adjust(hspace=.35, bottom=.02)
plt.tight_layout()
------------------


[0;31m---------------------------------------------------------------------------[0m
[0;31mTypeError[0m                                 Traceback (most recent call last)
Cell [0;32mIn[13], line 71[0m
[1;32m     69[0m     angle [38;5;241m=[39m [38;5;241m180.[39m [38;5;241m*[39m np[38;5;241m.[39marctan2(w[[38;5;241m0[39m][[38;5;241m1[39m], w[[38;5;241m0[39m][[38;5;241m0[39m]) [38;5;241m/[39m np[38;5;241m.[39mpi
[1;32m     70[0m     v [38;5;241m=[39m [38;5;241m2.[39m [38;5;241m*[39m np[38;5;241m.[39msqrt([38;5;241m2.[39m[38;5;241m*[39mv)
[0;32m---> 71[0m     ax3[38;5;241m.[39madd_artist([43mmatplotlib[49m[38;5;241;43m.[39;49m[43mpatches[49m[38;5;241;43m.[39;49m[43mEllipse[49m[43m([49m[43mmean[49m[43m,[49m[43m [49m[43mv[49m[43m[[49m[38;5;241;43m0[39;49m[43m][49m[43m,[49m[43m [49m[43mv[49m[43m[[49m[38;5;241;43m1[39;49m[43m][49m[43m,[49m[43m [49m[38;5;241;43m180.[39;49m[43m [49m[38;5;241;43m+[39;49m[43m [49m[43mangle[49m[43m,[49m[43m [49m[43mcolor[49m[38;5;241;43m=[39;49m[43mcolor[49m[43m,[49m[43malpha[49m[38;5;241;43m=[39;49m[38;5;241;43m.3[39;49m[43m)[49m)
[1;32m     73[0m t [38;5;241m=[39m [38;5;124m"[39m[38;5;124mModèle choisi : [39m[38;5;124m"[39m[38;5;241m+[39m best_gmm[38;5;241m.[39mcovariance_type [38;5;241m+[39m[38;5;124m"[39m[38;5;124m avec [39m[38;5;124m"[39m[38;5;241m+[39m [38;5;28mstr[39m(best_gmm[38;5;241m.[39mn_components)[38;5;241m+[39m[38;5;124m"[39m[38;5;124m composantes[39m[38;5;124m"[39m
[1;32m     74[0m ax3[38;5;241m.[39mset_title(t)

[0;31mTypeError[0m: __init__() takes 4 positional arguments but 5 were given

