Traceback (most recent call last):
  File "/Users/vibarra/Library/Python/3.9/lib/python/site-packages/jupyter_cache/executors/utils.py", line 58, in single_nb_execution
    executenb(
  File "/Users/vibarra/Library/Python/3.9/lib/python/site-packages/nbclient/client.py", line 1319, in execute
    return NotebookClient(nb=nb, resources=resources, km=km, **kwargs).execute()
  File "/Users/vibarra/Library/Python/3.9/lib/python/site-packages/jupyter_core/utils/__init__.py", line 165, in wrapped
    return loop.run_until_complete(inner)
  File "/Library/Developer/CommandLineTools/Library/Frameworks/Python3.framework/Versions/3.9/lib/python3.9/asyncio/base_events.py", line 642, in run_until_complete
    return future.result()
  File "/Users/vibarra/Library/Python/3.9/lib/python/site-packages/nbclient/client.py", line 709, in async_execute
    await self.async_execute_cell(
  File "/Users/vibarra/Library/Python/3.9/lib/python/site-packages/nbclient/client.py", line 1062, in async_execute_cell
    await self._check_raise_for_error(cell, cell_index, exec_reply)
  File "/Users/vibarra/Library/Python/3.9/lib/python/site-packages/nbclient/client.py", line 918, in _check_raise_for_error
    raise CellExecutionError.from_cell_and_msg(cell, exec_reply_content)
nbclient.exceptions.CellExecutionError: An error occurred while executing the following cell:
------------------
from scipy.stats import rv_discrete
x = [10, 20, 30]
p = [0.2, 0.3, 0.5]
distribution = rv_discrete(values=(x, p))
print("Espérance : ", distribution.expect())
------------------


[0;31m---------------------------------------------------------------------------[0m
[0;31mModuleNotFoundError[0m                       Traceback (most recent call last)
Cell [0;32mIn[3], line 1[0m
[0;32m----> 1[0m [38;5;28;01mfrom[39;00m[38;5;250m [39m[38;5;21;01mscipy[39;00m[38;5;21;01m.[39;00m[38;5;21;01mstats[39;00m[38;5;250m [39m[38;5;28;01mimport[39;00m rv_discrete
[1;32m      2[0m x [38;5;241m=[39m [[38;5;241m10[39m, [38;5;241m20[39m, [38;5;241m30[39m]
[1;32m      3[0m p [38;5;241m=[39m [[38;5;241m0.2[39m, [38;5;241m0.3[39m, [38;5;241m0.5[39m]

[0;31mModuleNotFoundError[0m: No module named 'scipy'

